[mannatthemes.com/metrica/default/index.html]
[backblue.gif]
[fade.gif]
[index.html]
[mannatthemes.com/metrica/default/assets/images/favicon.ico]
[mannatthemes.com/metrica/default/assets/css/bootstrap.min.css]
[mannatthemes.com/metrica/default/assets/css/app.min.css]
[mannatthemes.com/metrica/default/assets/images/logo-sm.png]
[mannatthemes.com/metrica/default/assets/css/icons.min.css]
[mannatthemes.com/metrica/default/assets/images/users/user-4.jpg]
[mannatthemes.com/metrica/default/assets/images/logo-dark.png]
[mannatthemes.com/metrica/default/assets/images/logo.png]
[mannatthemes.com/metrica/default/crypto-index.html]
[mannatthemes.com/metrica/default/crm-index.html]
[mannatthemes.com/metrica/default/projects-index.html]
[mannatthemes.com/metrica/default/ecommerce-index.html]
[mannatthemes.com/metrica/default/helpdesk-index.html]
[mannatthemes.com/metrica/default/hospital-index.html]
[mannatthemes.com/metrica/default/analytics-customers.html]
[mannatthemes.com/metrica/default/analytics-reports.html]
[mannatthemes.com/metrica/default/crypto-exchange.html]
[mannatthemes.com/metrica/default/crypto-wallet.html]
[mannatthemes.com/metrica/default/crypto-news.html]
[mannatthemes.com/metrica/default/crypto-ico.html]
[mannatthemes.com/metrica/default/crypto-settings.html]
[mannatthemes.com/metrica/default/crm-contacts.html]
[mannatthemes.com/metrica/default/crm-opportunities.html]
[mannatthemes.com/metrica/default/crm-leads.html]
[mannatthemes.com/metrica/default/crm-customers.html]
[mannatthemes.com/metrica/default/projects-clients.html]
[mannatthemes.com/metrica/default/projects-team.html]
[mannatthemes.com/metrica/default/projects-project.html]
[mannatthemes.com/metrica/default/projects-task.html]
[mannatthemes.com/metrica/default/projects-kanban-board.html]
[mannatthemes.com/metrica/default/projects-chat.html]
[mannatthemes.com/metrica/default/projects-users.html]
[mannatthemes.com/metrica/default/projects-create.html]
[mannatthemes.com/metrica/default/ecommerce-products.html]
[mannatthemes.com/metrica/default/ecommerce-product-list.html]
[mannatthemes.com/metrica/default/ecommerce-product-detail.html]
[mannatthemes.com/metrica/default/ecommerce-cart.html]
[mannatthemes.com/metrica/default/ecommerce-checkout.html]
[mannatthemes.com/metrica/default/helpdesk-teckets.html]
[mannatthemes.com/metrica/default/helpdesk-reports.html]
[mannatthemes.com/metrica/default/helpdesk-agents.html]
[mannatthemes.com/metrica/default/hospital-doctor-shedule.html]
[mannatthemes.com/metrica/default/hospital-all-appointments.html]
[mannatthemes.com/metrica/default/hospital-all-doctors.html]
[mannatthemes.com/metrica/default/hospital-add-doctor.html]
[mannatthemes.com/metrica/default/hospital-doctor-edit.html]
[mannatthemes.com/metrica/default/hospital-doctor-profile.html]
[mannatthemes.com/metrica/default/hospital-all-patients.html]
[mannatthemes.com/metrica/default/hospital-add-patient.html]
[mannatthemes.com/metrica/default/hospital-patient-edit.html]
[mannatthemes.com/metrica/default/hospital-patient-profile.html]
[mannatthemes.com/metrica/default/hospital-all-payments.html]
[mannatthemes.com/metrica/default/hospital-payment-invoice.html]
[mannatthemes.com/metrica/default/hospital-cashless-payments.html]
[mannatthemes.com/metrica/default/hospital-all-staff.html]
[mannatthemes.com/metrica/default/hospital-add-member.html]
[mannatthemes.com/metrica/default/hospital-edit-member.html]
[mannatthemes.com/metrica/default/hospital-member-profile.html]
[mannatthemes.com/metrica/default/hospital-salary.html]
[mannatthemes.com/metrica/default/hospital-all-rooms.html]
[mannatthemes.com/metrica/default/hospital-expenses.html]
[mannatthemes.com/metrica/default/hospital-departments.html]
[mannatthemes.com/metrica/default/hospital-insurance-company.html]
[mannatthemes.com/metrica/default/hospital-events.html]
[mannatthemes.com/metrica/default/hospital-leaves.html]
[mannatthemes.com/metrica/default/hospital-holidays.html]
[mannatthemes.com/metrica/default/hospital-attendance.html]
[mannatthemes.com/metrica/default/hospital-chat.html]
[mannatthemes.com/metrica/default/apps-email-inbox.html]
[mannatthemes.com/metrica/default/apps-email-read.html]
[mannatthemes.com/metrica/default/apps-chat.html]
[mannatthemes.com/metrica/default/apps-contact-list.html]
[mannatthemes.com/metrica/default/apps-calendar.html]
[mannatthemes.com/metrica/default/apps-invoice.html]
[mannatthemes.com/metrica/default/ui-alerts.html]
[mannatthemes.com/metrica/default/ui-avatar.html]
[mannatthemes.com/metrica/default/ui-buttons.html]
[mannatthemes.com/metrica/default/ui-badges.html]
[mannatthemes.com/metrica/default/ui-cards.html]
[mannatthemes.com/metrica/default/ui-carousels.html]
[mannatthemes.com/metrica/default/ui-dropdowns.html]
[mannatthemes.com/metrica/default/ui-grids.html]
[mannatthemes.com/metrica/default/ui-images.html]
[mannatthemes.com/metrica/default/ui-list.html]
[mannatthemes.com/metrica/default/ui-modals.html]
[mannatthemes.com/metrica/default/ui-navs.html]
[mannatthemes.com/metrica/default/ui-navbar.html]
[mannatthemes.com/metrica/default/ui-paginations.html]
[mannatthemes.com/metrica/default/ui-popover-tooltips.html]
[mannatthemes.com/metrica/default/ui-progress.html]
[mannatthemes.com/metrica/default/ui-spinners.html]
[mannatthemes.com/metrica/default/ui-tabs-accordions.html]
[mannatthemes.com/metrica/default/ui-typography.html]
[mannatthemes.com/metrica/default/ui-videos.html]
[mannatthemes.com/metrica/default/advanced-animation.html]
[mannatthemes.com/metrica/default/advanced-clipboard.html]
[mannatthemes.com/metrica/default/advanced-dragula.html]
[mannatthemes.com/metrica/default/advanced-files.html]
[mannatthemes.com/metrica/default/advanced-highlight.html]
[mannatthemes.com/metrica/default/advanced-rangeslider.html]
[mannatthemes.com/metrica/default/advanced-ratings.html]
[mannatthemes.com/metrica/default/advanced-ribbons.html]
[mannatthemes.com/metrica/default/advanced-sweetalerts.html]
[mannatthemes.com/metrica/default/advanced-toasts.html]
[mannatthemes.com/metrica/default/forms-elements.html]
[mannatthemes.com/metrica/default/forms-advanced.html]
[mannatthemes.com/metrica/default/forms-validation.html]
[mannatthemes.com/metrica/default/forms-wizard.html]
[mannatthemes.com/metrica/default/forms-editors.html]
[mannatthemes.com/metrica/default/forms-uploads.html]
[mannatthemes.com/metrica/default/forms-img-crop.html]
[mannatthemes.com/metrica/default/charts-apex.html]
[mannatthemes.com/metrica/default/charts-justgage.html]
[mannatthemes.com/metrica/default/charts-chartjs.html]
[mannatthemes.com/metrica/default/charts-toast-ui.html]
[mannatthemes.com/metrica/default/tables-basic.html]
[mannatthemes.com/metrica/default/tables-datatable.html]
[mannatthemes.com/metrica/default/tables-editable.html]
[mannatthemes.com/metrica/default/icons-fontawesome.html]
[mannatthemes.com/metrica/default/icons-materialdesign.html]
[mannatthemes.com/metrica/default/icons-tabler.html]
[mannatthemes.com/metrica/default/icons-feather.html]
[mannatthemes.com/metrica/default/maps-google.html]
[mannatthemes.com/metrica/default/maps-leaflet.html]
[mannatthemes.com/metrica/default/maps-vector.html]
[mannatthemes.com/metrica/default/email-templates-basic.html]
[mannatthemes.com/metrica/default/email-templates-alert.html]
[mannatthemes.com/metrica/default/email-templates-billing.html]
[mannatthemes.com/metrica/default/pages-profile.html]
[mannatthemes.com/metrica/default/pages-tour.html]
[mannatthemes.com/metrica/default/pages-timeline.html]
[mannatthemes.com/metrica/default/pages-treeview.html]
[mannatthemes.com/metrica/default/pages-starter.html]
[mannatthemes.com/metrica/default/pages-pricing.html]
[mannatthemes.com/metrica/default/pages-blogs.html]
[mannatthemes.com/metrica/default/pages-faq.html]
[mannatthemes.com/metrica/default/pages-gallery.html]
[mannatthemes.com/metrica/default/auth-login.html]
[mannatthemes.com/metrica/default/auth-login-alt.html]
[mannatthemes.com/metrica/default/auth-register.html]
[mannatthemes.com/metrica/default/auth-register-alt.html]
[mannatthemes.com/metrica/default/auth-recover-pw.html]
[mannatthemes.com/metrica/default/auth-recover-pw-alt.html]
[mannatthemes.com/metrica/default/auth-lock-screen.html]
[mannatthemes.com/metrica/default/auth-lock-screen-alt.html]
[mannatthemes.com/metrica/default/auth-404.html]
[mannatthemes.com/metrica/default/auth-404-alt.html]
[mannatthemes.com/metrica/default/auth-500.html]
[mannatthemes.com/metrica/default/auth-500-alt.html]
[mannatthemes.com/metrica/default/assets/images/flags/us_flag.jpg]
[mannatthemes.com/metrica/default/assets/images/flags/spain_flag.jpg]
[mannatthemes.com/metrica/default/assets/images/flags/germany_flag.jpg]
[mannatthemes.com/metrica/default/assets/images/flags/french_flag.jpg]
[mannatthemes.com/metrica/default/assets/images/users/user-1.jpg]
[mannatthemes.com/metrica/default/assets/images/users/user-2.jpg]
[mannatthemes.com/metrica/default/assets/images/users/user-5.jpg]
[mannatthemes.com/metrica/default/assets/images/users/user-3.jpg]
[mannatthemes.com/metrica/default/assets/images/logos/chrome.png]
[mannatthemes.com/metrica/default/assets/images/logos/micro-edge.png]
[mannatthemes.com/metrica/default/assets/images/logos/in-explorer.png]
[mannatthemes.com/metrica/default/assets/images/logos/opera.png]
[mannatthemes.com/metrica/default/assets/libs/bootstrap/js/bootstrap.bundle.min.js]
[mannatthemes.com/metrica/default/assets/libs/simplebar/simplebar.min.js]
[mannatthemes.com/metrica/default/assets/libs/feather-icons/feather.min.js]
[mannatthemes.com/metrica/default/assets/js/pages/analytics-index.init.js]
[mannatthemes.com/metrica/default/assets/js/app.js]
[mannatthemes.com/metrica/default/index.html]
[mannatthemes.com/metrica/default/assets/css/bootstrap.min.css]
[mannatthemes.com/metrica/default/assets/libs/apexcharts/apexcharts.min.js]
[mannatthemes.com/metrica/default/assets/fonts/fa-brands-400.eot]
[mannatthemes.com/metrica/default/assets/fonts/fa-brands-400d41d.eot]
[mannatthemes.com/metrica/default/assets/fonts/fa-brands-400.woff2]
[mannatthemes.com/metrica/default/assets/fonts/fa-brands-400.woff]
[mannatthemes.com/metrica/default/assets/fonts/fa-brands-400.ttf]
[mannatthemes.com/metrica/default/assets/fonts/fa-regular-400.eot]
[mannatthemes.com/metrica/default/assets/fonts/fa-regular-400d41d.eot]
[mannatthemes.com/metrica/default/assets/fonts/fa-regular-400.woff2]
[mannatthemes.com/metrica/default/assets/fonts/fa-regular-400.woff]
[mannatthemes.com/metrica/default/assets/fonts/fa-regular-400.ttf]
[mannatthemes.com/metrica/default/assets/fonts/fa-solid-900.eot]
[mannatthemes.com/metrica/default/assets/fonts/fa-solid-900d41d.eot]
[mannatthemes.com/metrica/default/assets/fonts/fa-solid-900.woff2]
[mannatthemes.com/metrica/default/assets/fonts/fa-solid-900.woff]
[mannatthemes.com/metrica/default/assets/fonts/fa-solid-900.ttf]
[mannatthemes.com/metrica/default/assets/fonts/la-brands-400.eot]
[mannatthemes.com/metrica/default/assets/fonts/la-brands-400d41d.eot]
[mannatthemes.com/metrica/default/assets/fonts/la-brands-400.woff2]
[mannatthemes.com/metrica/default/assets/fonts/la-brands-400.woff]
[mannatthemes.com/metrica/default/assets/fonts/la-brands-400.ttf]
[mannatthemes.com/metrica/default/assets/fonts/la-regular-400.eot]
[mannatthemes.com/metrica/default/assets/fonts/la-regular-400d41d.eot]
[mannatthemes.com/metrica/default/assets/fonts/la-regular-400.woff2]
[mannatthemes.com/metrica/default/assets/fonts/la-regular-400.woff]
[mannatthemes.com/metrica/default/assets/fonts/la-regular-400.ttf]
[mannatthemes.com/metrica/default/assets/fonts/la-solid-900.eot]
[mannatthemes.com/metrica/default/assets/fonts/la-solid-900d41d.eot]
[mannatthemes.com/metrica/default/assets/fonts/la-solid-900.woff2]
[mannatthemes.com/metrica/default/assets/fonts/la-solid-900.woff]
[mannatthemes.com/metrica/default/assets/fonts/la-solid-900.ttf]
[mannatthemes.com/metrica/default/assets/fonts/materialdesignicons-webfonta5da.eot]
[mannatthemes.com/metrica/default/assets/fonts/materialdesignicons-webfontd41d.eot]
[mannatthemes.com/metrica/default/assets/fonts/materialdesignicons-webfonta5da.woff2]
[mannatthemes.com/metrica/default/assets/fonts/materialdesignicons-webfonta5da.woff]
[mannatthemes.com/metrica/default/assets/fonts/materialdesignicons-webfonta5da.ttf]
[mannatthemes.com/metrica/default/assets/fonts/feather144f.ttf]
[mannatthemes.com/metrica/default/assets/fonts/feather144f.woff]
[mannatthemes.com/metrica/default/assets/fonts/tabler-icons.woff2]
[mannatthemes.com/metrica/default/assets/fonts/tabler-icons.woff]
[mannatthemes.com/metrica/default/assets/fonts/tabler-icons.ttf]
[mannatthemes.com/metrica/default/assets/css/icons.min.css]
[mannatthemes.com/metrica/default/assets/css/app.min.css]
[mannatthemes.com/metrica/default/assets/images/logos/btc.png]
[mannatthemes.com/metrica/default/assets/images/logos/mon.png]
[mannatthemes.com/metrica/default/assets/images/logos/eth.png]
[mannatthemes.com/metrica/default/assets/images/logos/lite.png]
[mannatthemes.com/metrica/default/assets/images/logos/dash.png]
[mannatthemes.com/metrica/default/assets/images/small/btc.png]
[cdn.jsdelivr.net/gh/dejurin/crypto-converter-widget@1.5.2/dist/latest.min.js]
[mannatthemes.com/metrica/default/assets/js/pages/crypto-index.init.js]
[mannatthemes.com/metrica/default/crypto-index.html]
[mannatthemes.com/metrica/default/assets/images/users/user-10.jpg]
[mannatthemes.com/metrica/default/assets/images/users/user-9.jpg]
[mannatthemes.com/metrica/default/assets/images/users/user-8.jpg]
[mannatthemes.com/metrica/default/assets/images/users/user-7.jpg]
[mannatthemes.com/metrica/default/assets/images/users/user-6.jpg]
[mannatthemes.com/metrica/default/assets/js/pages/crm-index.init.js]
[mannatthemes.com/metrica/default/crm-index.html]
[mannatthemes.com/metrica/default/assets/libs/litepicker/css/litepicker.css]
[mannatthemes.com/metrica/default/assets/images/small/project-3.jpg]
[mannatthemes.com/metrica/default/assets/images/small/project-2.jpg]
[mannatthemes.com/metrica/default/assets/images/small/project-1.jpg]
[mannatthemes.com/metrica/default/assets/libs/litepicker/litepicker.js]
[mannatthemes.com/metrica/default/assets/js/pages/projects-index.init.js]
[mannatthemes.com/metrica/default/projects-index.html]
[mannatthemes.com/metrica/default/assets/images/logos/money-beg.png]
[mannatthemes.com/metrica/default/assets/images/products/01.png]
[mannatthemes.com/metrica/default/assets/images/products/02.png]
[mannatthemes.com/metrica/default/assets/images/products/04.png]
[mannatthemes.com/metrica/default/assets/images/products/07.png]
[mannatthemes.com/metrica/default/assets/images/products/05.png]
[mannatthemes.com/metrica/default/assets/js/pages/ecommerce-index.init.js]
[mannatthemes.com/metrica/default/ecommerce-index.html]
[mannatthemes.com/metrica/default/assets/js/pages/helpdesk-index.init.js]
[mannatthemes.com/metrica/default/helpdesk-index.html]
[mannatthemes.com/metrica/default/assets/images/users/dr-1.jpg]
[mannatthemes.com/metrica/default/assets/images/users/dr-3.jpg]
[mannatthemes.com/metrica/default/assets/images/users/dr-2.jpg]
[mannatthemes.com/metrica/default/assets/js/pages/hospital-index.init.js]
[mannatthemes.com/metrica/default/hospital-index.html]
[mannatthemes.com/metrica/default/assets/libs/tabulator-tables/css/tabulator_bootstrap5.min.css]
[mannatthemes.com/metrica/default/assets/js/pages/analytics-customers.init.js]
[mannatthemes.com/metrica/default/analytics-customers.html]
[mannatthemes.com/metrica/default/assets/libs/tabulator-tables/js/tabulator.min.js]
[mannatthemes.com/metrica/default/assets/js/pages/analytics-report.init.js]
[mannatthemes.com/metrica/default/analytics-reports.html]
[mannatthemes.com/metrica/default/assets/images/logos/qub.png]
[mannatthemes.com/metrica/default/assets/images/logos/dollar.png]
[mannatthemes.com/metrica/default/assets/js/pages/crypto-exchange.init.js]
[mannatthemes.com/metrica/default/crypto-exchange.html]
[mannatthemes.com/metrica/default/assets/js/pages/crypto-wallet.init.js]
[mannatthemes.com/metrica/default/crypto-wallet.html]
[mannatthemes.com/metrica/default/assets/images/small/news-2.jpg]
[mannatthemes.com/metrica/default/assets/images/small/news-1.jpg]
[mannatthemes.com/metrica/default/assets/images/small/news-3.jpg]
[mannatthemes.com/metrica/default/crypto-news.html]
[mannatthemes.com/metrica/default/crypto-ico.html]
[mannatthemes.com/metrica/default/crypto-settings.html]
[mannatthemes.com/metrica/default/crm-contacts.html]
[mannatthemes.com/metrica/default/assets/images/small/opp-1.png]
[mannatthemes.com/metrica/default/assets/images/small/opp-2.png]
[mannatthemes.com/metrica/default/assets/images/small/opp-3.png]
[mannatthemes.com/metrica/default/crm-opportunities.html]
[mannatthemes.com/metrica/default/crm-leads.html]
[mannatthemes.com/metrica/default/crm-customers.html]
[mannatthemes.com/metrica/default/projects-clients.html]
[mannatthemes.com/metrica/default/projects-team.html]
[mannatthemes.com/metrica/default/projects-project.html]
[mannatthemes.com/metrica/default/assets/js/pages/projects-task.init.js]
[mannatthemes.com/metrica/default/projects-task.html]
[mannatthemes.com/metrica/default/assets/libs/dragula/dragula.min.js]
[mannatthemes.com/metrica/default/assets/js/pages/dragula.init.js]
[mannatthemes.com/metrica/default/projects-kanban-board.html]
[mannatthemes.com/metrica/default/projects-chat.html]
[mannatthemes.com/metrica/default/projects-users.html]
[mannatthemes.com/metrica/default/projects-create.html]
[mannatthemes.com/metrica/default/assets/images/products/03.png]
[mannatthemes.com/metrica/default/assets/images/products/06.png]
[mannatthemes.com/metrica/default/ecommerce-products.html]
[mannatthemes.com/metrica/default/ecommerce-product-list.html]
[mannatthemes.com/metrica/default/ecommerce-product-detail.html]
[mannatthemes.com/metrica/default/ecommerce-cart.html]
[mannatthemes.com/metrica/default/assets/images/logos/card-2.png]
[mannatthemes.com/metrica/default/assets/images/logos/paypal.png]
[mannatthemes.com/metrica/default/ecommerce-checkout.html]
[mannatthemes.com/metrica/default/assets/js/pages/helpdesk-tickets.init.js]
[mannatthemes.com/metrica/default/helpdesk-teckets.html]
[mannatthemes.com/metrica/default/assets/js/pages/helpdesk-reports.init.js]
[mannatthemes.com/metrica/default/helpdesk-reports.html]
[mannatthemes.com/metrica/default/helpdesk-agents.html]
[mannatthemes.com/metrica/default/hospital-doctor-shedule.html]
[mannatthemes.com/metrica/default/hospital-all-appointments.html]
[mannatthemes.com/metrica/default/assets/images/users/dr-4.jpg]
[mannatthemes.com/metrica/default/assets/images/users/dr-5.jpg]
[mannatthemes.com/metrica/default/assets/images/users/dr-6.jpg]
[mannatthemes.com/metrica/default/hospital-all-doctors.html]
[mannatthemes.com/metrica/default/assets/images/users/dr-pro.png]
[mannatthemes.com/metrica/default/hospital-add-doctor.html]
[mannatthemes.com/metrica/default/hospital-doctor-edit.html]
[mannatthemes.com/metrica/default/hospital-doctor-profile.html]
[mannatthemes.com/metrica/default/hospital-all-patients.html]
[mannatthemes.com/metrica/default/assets/images/users/user-vector.png]
[mannatthemes.com/metrica/default/hospital-add-patient.html]
[mannatthemes.com/metrica/default/hospital-patient-edit.html]
[mannatthemes.com/metrica/default/assets/images/small/flame.png]
[mannatthemes.com/metrica/default/hospital-patient-profile.html]
[mannatthemes.com/metrica/default/hospital-all-payments.html]
[mannatthemes.com/metrica/default/assets/images/signature.png]
[mannatthemes.com/metrica/default/hospital-payment-invoice.html]
[mannatthemes.com/metrica/default/hospital-cashless-payments.html]
[mannatthemes.com/metrica/default/hospital-all-staff.html]
[mannatthemes.com/metrica/default/hospital-add-member.html]
[mannatthemes.com/metrica/default/hospital-edit-member.html]
[mannatthemes.com/metrica/default/hospital-member-profile.html]
[mannatthemes.com/metrica/default/hospital-salary.html]
[mannatthemes.com/metrica/default/hospital-all-rooms.html]
[mannatthemes.com/metrica/default/hospital-expenses.html]
[mannatthemes.com/metrica/default/hospital-departments.html]
[mannatthemes.com/metrica/default/hospital-insurance-company.html]
[mannatthemes.com/metrica/default/assets/libs/fullcalendar/main.min.css]
[mannatthemes.com/metrica/default/assets/images/small/project-4.jpg]
[mannatthemes.com/metrica/default/assets/js/pages/calendar.init.js]
[mannatthemes.com/metrica/default/hospital-events.html]
[mannatthemes.com/metrica/default/hospital-leaves.html]
[mannatthemes.com/metrica/default/hospital-holidays.html]
[mannatthemes.com/metrica/default/hospital-attendance.html]
[mannatthemes.com/metrica/default/hospital-chat.html]
[mannatthemes.com/metrica/default/assets/libs/fullcalendar/main.min.js]
[mannatthemes.com/metrica/default/assets/js/pages/form-editor.init.js]
[mannatthemes.com/metrica/default/apps-email-inbox.html]
[mannatthemes.com/metrica/default/assets/images/small/sm-1.jpg]
[mannatthemes.com/metrica/default/assets/images/small/sm-2.jpg]
[mannatthemes.com/metrica/default/apps-email-read.html]
[mannatthemes.com/metrica/default/apps-chat.html]
[mannatthemes.com/metrica/default/apps-contact-list.html]
[mannatthemes.com/metrica/default/apps-calendar.html]
[mannatthemes.com/metrica/default/apps-invoice.html]
[mannatthemes.com/metrica/default/ui-alerts.html]
[mannatthemes.com/metrica/default/ui-avatar.html]
[mannatthemes.com/metrica/default/ui-buttons.html]
[mannatthemes.com/metrica/default/ui-badges.html]
[mannatthemes.com/metrica/default/assets/libs/tinymce/tinymce.min.js]
[mannatthemes.com/metrica/default/assets/images/small/img-4.jpg]
[mannatthemes.com/metrica/default/assets/images/small/ex-card.png]
[mannatthemes.com/metrica/default/assets/js/run_prettify.js]
[mannatthemes.com/metrica/default/ui-cards.html]
[mannatthemes.com/metrica/default/assets/images/small/img-2.jpg]
[mannatthemes.com/metrica/default/assets/images/small/img-1.jpg]
[mannatthemes.com/metrica/default/assets/images/small/img-3.jpg]
[mannatthemes.com/metrica/default/assets/images/small/img-5.jpg]
[mannatthemes.com/metrica/default/assets/images/small/img-6.jpg]
[mannatthemes.com/metrica/default/ui-carousels.html]
[mannatthemes.com/metrica/default/ui-dropdowns.html]
[mannatthemes.com/metrica/default/ui-grids.html]
[mannatthemes.com/metrica/default/assets/images/small/1.jpg]
[mannatthemes.com/metrica/default/ui-images.html]
[mannatthemes.com/metrica/default/ui-list.html]
[mannatthemes.com/metrica/default/ui-modals.html]
[mannatthemes.com/metrica/default/ui-navs.html]
[mannatthemes.com/metrica/default/ui-navbar.html]
[mannatthemes.com/metrica/default/ui-paginations.html]
[mannatthemes.com/metrica/default/ui-popover-tooltips.html]
[mannatthemes.com/metrica/default/ui-progress.html]
[mannatthemes.com/metrica/default/ui-spinners.html]
[mannatthemes.com/metrica/default/ui-tabs-accordions.html]
[mannatthemes.com/metrica/default/ui-typography.html]
[mannatthemes.com/metrica/default/ui-videos.html]
[mannatthemes.com/metrica/default/assets/libs/magic.css/magic.min.css]
[mannatthemes.com/metrica/default/assets/js/pages/animation.init.js]
[mannatthemes.com/metrica/default/advanced-animation.html]
[mannatthemes.com/metrica/default/assets/libs/clipboard/clipboard.min.js]
[mannatthemes.com/metrica/default/assets/js/pages/clipboard.init.js]
[mannatthemes.com/metrica/default/advanced-clipboard.html]
[mannatthemes.com/metrica/default/assets/libs/dragula/dragula.min.css]
[mannatthemes.com/metrica/default/advanced-dragula.html]
[mannatthemes.com/metrica/default/advanced-files.html]
[mannatthemes.com/metrica/default/advanced-highlight.html]
[mannatthemes.com/metrica/default/assets/libs/nouislider/nouislider.min.css]
[mannatthemes.com/metrica/default/assets/libs/nouislider/nouislider.min.js]
[mannatthemes.com/metrica/default/assets/libs/wnumb/wNumb.min.js]
[mannatthemes.com/metrica/default/assets/js/pages/ui-slider.js]
[mannatthemes.com/metrica/default/advanced-rangeslider.html]
[mannatthemes.com/metrica/default/advanced-ratings.html]
[mannatthemes.com/metrica/default/assets/libs/starability/starability-css/starability-all.css]
[mannatthemes.com/metrica/default/assets/images/dashboards/dastyle.jpg]
[mannatthemes.com/metrica/default/assets/images/dashboards/metrica.jpg]
[mannatthemes.com/metrica/default/assets/images/dashboards/crovex.jpg]
[mannatthemes.com/metrica/default/assets/images/dashboards/frogetor.jpg]
[mannatthemes.com/metrica/default/advanced-ribbons.html]
[mannatthemes.com/metrica/default/assets/libs/sweetalert2/sweetalert2.min.css]
[mannatthemes.com/metrica/default/assets/libs/animate.css/animate.min.css]
[mannatthemes.com/metrica/default/assets/libs/sweetalert2/sweetalert2.min.js]
[mannatthemes.com/metrica/default/assets/js/pages/sweet-alert.init.js]
[mannatthemes.com/metrica/default/advanced-sweetalerts.html]
[mannatthemes.com/metrica/default/assets/js/pages/toast.init.js]
[mannatthemes.com/metrica/default/advanced-toasts.html]
[mannatthemes.com/metrica/default/forms-elements.html]
[mannatthemes.com/metrica/default/assets/libs/mobius1-selectr/selectr.min.css]
[mannatthemes.com/metrica/default/assets/libs/huebee/huebee.min.css]
[mannatthemes.com/metrica/default/assets/libs/vanillajs-datepicker/css/datepicker.min.css]
[mannatthemes.com/metrica/default/assets/libs/mobius1-selectr/selectr.min.js]
[mannatthemes.com/metrica/default/assets/libs/huebee/huebee.pkgd.min.js]
[mannatthemes.com/metrica/default/assets/libs/vanillajs-datepicker/js/datepicker-full.min.js]
[mannatthemes.com/metrica/default/assets/js/moment.js]
[mannatthemes.com/metrica/default/assets/libs/imask/imask.min.js]
[mannatthemes.com/metrica/default/assets/js/pages/forms-advanced.js]
[mannatthemes.com/metrica/default/forms-advanced.html]
[mannatthemes.com/metrica/default/assets/js/pages/form-validation.js]
[mannatthemes.com/metrica/default/forms-validation.html]
[mannatthemes.com/metrica/default/assets/js/pages/form-wizard.js]
[mannatthemes.com/metrica/default/forms-wizard.html]
[mannatthemes.com/metrica/default/forms-editors.html]
[mannatthemes.com/metrica/default/assets/libs/uppy/uppy.min.css]
[mannatthemes.com/metrica/default/assets/js/pages/file-upload.init.js]
[mannatthemes.com/metrica/default/forms-uploads.html]
[mannatthemes.com/metrica/default/assets/libs/cropperjs/cropper.min.css]
[mannatthemes.com/metrica/default/assets/libs/uppy/uppy.legacy.min.js]
[mannatthemes.com/metrica/default/assets/libs/cropperjs/cropper.min.js]
[mannatthemes.com/metrica/default/assets/js/pages/form-imgcrop.init.js]
[mannatthemes.com/metrica/default/forms-img-crop.html]
[mannatthemes.com/metrica/default/assets/js/pages/apexcharts.init.js]
[mannatthemes.com/metrica/default/charts-apex.html]
[mannatthemes.com/metrica/default/assets/libs/raphael/raphael.min.js]
[mannatthemes.com/metrica/default/assets/libs/justgage/justgage.min.js]
[mannatthemes.com/metrica/default/assets/js/pages/justgage.init.js]
[mannatthemes.com/metrica/default/charts-justgage.html]
[mannatthemes.com/metrica/default/assets/js/pages/chartjs.init.js]
[mannatthemes.com/metrica/default/charts-chartjs.html]
[mannatthemes.com/metrica/default/assets/libs/chart.js/chart.min.js]
[mannatthemes.com/metrica/default/assets/libs/tui-chart/tui-chart.min.css]
[mannatthemes.com/metrica/default/assets/libs/tui-chart/maps/usa.js]
[mannatthemes.com/metrica/default/assets/libs/tui-chart/tui-chart-all.min.js]
[mannatthemes.com/metrica/default/assets/js/pages/toast-ui.init.js]
[mannatthemes.com/metrica/default/charts-toast-ui.html]
[mannatthemes.com/metrica/default/tables-basic.html]
[mannatthemes.com/metrica/default/assets/libs/simple-datatables/style.css]
[mannatthemes.com/metrica/default/assets/libs/simple-datatables/umd/simple-datatables.js]
[mannatthemes.com/metrica/default/assets/js/pages/datatable.init.js]
[mannatthemes.com/metrica/default/tables-datatable.html]
[mannatthemes.com/metrica/default/assets/js/pages/editable.init.js]
[mannatthemes.com/metrica/default/tables-editable.html]
[mannatthemes.com/metrica/default/icons-materialdesign.html]
[mannatthemes.com/metrica/default/icons-fontawesome.html]
[mannatthemes.com/metrica/default/icons-tabler.html]
[mannatthemes.com/metrica/default/icons-feather.html]
[mannatthemes.com/metrica/default/assets/libs/gmaps/gmaps.min.js]
[mannatthemes.com/metrica/default/assets/js/pages/gmaps.init.js]
[mannatthemes.com/metrica/default/maps-google.html]
[mannatthemes.com/metrica/default/assets/libs/leaflet/leaflet.css]
[mannatthemes.com/metrica/default/assets/libs/leaflet/leaflet.js]
[mannatthemes.com/metrica/default/assets/js/pages/leaflet-map.init.js]
[mannatthemes.com/metrica/default/maps-leaflet.html]
[mannatthemes.com/metrica/default/assets/libs/jsvectormap/css/jsvectormap.min.css]
[mannatthemes.com/metrica/default/assets/libs/jsvectormap/js/jsvectormap.min.js]
[mannatthemes.com/metrica/default/assets/libs/jsvectormap/maps/world.js]
[mannatthemes.com/metrica/default/assets/js/pages/vectormap.init.js]
[mannatthemes.com/metrica/default/maps-vector.html]
[mannatthemes.com/metrica/default/email-templates-basic.html]
[mannatthemes.com/metrica/default/assets/images/bell.png]
[mannatthemes.com/metrica/default/email-templates-alert.html]
[mannatthemes.com/metrica/default/email-templates-billing.html]
[mannatthemes.com/metrica/default/assets/libs/@midzer/tobii/tobii.min.css]
[mannatthemes.com/metrica/default/assets/libs/@midzer/tobii/tobii.min.js]
[mannatthemes.com/metrica/default/pages-profile.html]
[mannatthemes.com/metrica/default/assets/libs/hopscotch/css/hopscotch.min.css]
[mannatthemes.com/metrica/default/assets/libs/hopscotch/js/hopscotch.min.js]
[mannatthemes.com/metrica/default/assets/js/pages/tour.init.js]
[mannatthemes.com/metrica/default/pages-tour.html]
[mannatthemes.com/metrica/default/pages-timeline.html]
[mannatthemes.com/metrica/default/assets/libs/listree/listree.min.css]
[mannatthemes.com/metrica/default/assets/libs/listree/listree.umd.min.js]
[mannatthemes.com/metrica/default/pages-treeview.html]
[mannatthemes.com/metrica/default/pages-starter.html]
[mannatthemes.com/metrica/default/assets/images/small/p-1.png]
[mannatthemes.com/metrica/default/assets/images/small/p-2.png]
[mannatthemes.com/metrica/default/assets/images/small/p-3.png]
[mannatthemes.com/metrica/default/assets/images/small/p-4.png]
[mannatthemes.com/metrica/default/pages-pricing.html]
[mannatthemes.com/metrica/default/pages-blogs.html]
[mannatthemes.com/metrica/default/pages-faq.html]
[mannatthemes.com/metrica/default/assets/libs/shufflejs/shuffle.min.js]
[mannatthemes.com/metrica/default/pages-gallery.html]
[mannatthemes.com/metrica/default/assets/images/p-1.png]
[mannatthemes.com/metrica/default/auth-login.html]
[mannatthemes.com/metrica/default/auth-login-alt.html]
[mannatthemes.com/metrica/default/auth-register.html]
[mannatthemes.com/metrica/default/auth-register-alt.html]
[mannatthemes.com/metrica/default/auth-recover-pw.html]
[mannatthemes.com/metrica/default/auth-recover-pw-alt.html]
[mannatthemes.com/metrica/default/auth-lock-screen.html]
[mannatthemes.com/metrica/default/auth-lock-screen-alt.html]
[mannatthemes.com/metrica/default/auth-404.html]
[mannatthemes.com/metrica/default/auth-404-alt.html]
[mannatthemes.com/metrica/default/auth-500.html]
[mannatthemes.com/metrica/default/auth-500-alt.html]
[mannatthemes.com/metrica/default/assets/images/small/rgb.svg]
[mannatthemes.com/metrica/default/assets/images/small/cobweb.svg]
[mannatthemes.com/metrica/default/assets/images/small/blocks.svg]
[mannatthemes.com/metrica/default/assets/images/small/atom.svg]
[mannatthemes.com/metrica/default/assets/fonts/fa-brands-400.svg]
[mannatthemes.com/metrica/default/assets/fonts/fa-regular-400.svg]
[mannatthemes.com/metrica/default/assets/fonts/fa-solid-900.svg]
[mannatthemes.com/metrica/default/assets/fonts/la-brands-400.svg]
[mannatthemes.com/metrica/default/assets/fonts/la-regular-400.svg]
[mannatthemes.com/metrica/default/assets/fonts/la-solid-900.svg]
[mannatthemes.com/metrica/default/assets/fonts/feather144f.svg]
[mannatthemes.com/metrica/default/assets/css/fonts/tabler-icons.html]
[mannatthemes.com/metrica/default/assets/css/fonts/tabler-iconsd41d.html]
[mannatthemes.com/metrica/default/assets/fonts/tabler-icons.svg]
[mannatthemes.com/metrica/default/assets/libs/litepicker/css/litepicker.css]
[mannatthemes.com/metrica/default/assets/libs/tabulator-tables/css/tabulator_bootstrap5.min.css]
[mannatthemes.com/metrica/default/assets/images/small/svg-map.svg]
[mannatthemes.com/metrica/default/assets/libs/fullcalendar/main.min.css]
[mannatthemes.com/metrica/default/assets/images/small/calendar.svg]
[mannatthemes.com/metrica/default/analytics-index.html]
[mannatthemes.com/metrica/default/assets/libs/magic.css/magic.min.css]
[mannatthemes.com/metrica/default/assets/libs/dragula/dragula.min.css]
[mannatthemes.com/metrica/default/assets/libs/nouislider/nouislider.min.css]
[mannatthemes.com/metrica/default/assets/libs/starability/starability-css/starability-all.css]
[mannatthemes.com/metrica/default/assets/libs/sweetalert2/sweetalert2.min.css]
[mannatthemes.com/metrica/default/assets/libs/animate.css/animate.min.css]
[mannatthemes.com/metrica/default/assets/libs/mobius1-selectr/selectr.min.css]
[mannatthemes.com/metrica/default/assets/libs/huebee/huebee.min.css]
[mannatthemes.com/metrica/default/assets/libs/vanillajs-datepicker/css/datepicker.min.css]
[mannatthemes.com/metrica/default/assets/libs/uppy/uppy.min.css]
[mannatthemes.com/metrica/default/assets/libs/cropperjs/cropper.min.css]
[mannatthemes.com/metrica/default/cropped.html]
[mannatthemes.com/metrica/default/assets/libs/tui-chart/tui-chart.min.css]
[mannatthemes.com/metrica/default/assets/libs/simple-datatables/style.css]
[mannatthemes.com/metrica/default/assets/libs/leaflet/images/layers.png]
[mannatthemes.com/metrica/default/assets/libs/leaflet/images/layers-2x.png]
[mannatthemes.com/metrica/default/assets/libs/leaflet/images/marker-icon.png]
[mannatthemes.com/metrica/default/assets/libs/leaflet/leaflet.css]
[mannatthemes.com/metrica/default/assets/libs/jsvectormap/css/jsvectormap.min.css]
[mannatthemes.com/metrica/default/assets/libs/@midzer/tobii/tobii.min.css]
[mannatthemes.com/metrica/default/assets/libs/hopscotch/img/sprite-green.png]
[mannatthemes.com/metrica/default/assets/libs/hopscotch/css/hopscotch.min.css]
[mannatthemes.com/metrica/default/assets/libs/listree/listree.min.css]
[mannatthemes.com/metrica/default/assets/JS/pages/tree.init.html]
[mannatthemes.com/metrica/default/assets/JS/pages/gallery.init.html]
[mannatthemes.com/metrica/default/assets/images/error.svg]
[mannatthemes.com/metrica/default/assets/images/small/14.html]
